// Jest Snapshot v1, https://goo.gl/fbAQLP

exports[`React/Icon Icon smoke-test 1`] = `
<svg xmlns="http://www.w3.org/2000/svg"
     viewbox="0 0 24 24"
     fill="currentColor"
     class="inline-block  fill-primary stroke-primary icon-info"
     width="100"
     aria-hidden="true"
>
  <path d="M12,24A12,12,0,1,1,24,12,12.013,12.013,0,0,1,12,24ZM12,2A10,10,0,1,0,22,12,10.011,10.011,0,0,0,12,2Z"
        stroke="none"
  >
  </path>
  <path d="M14,19H12V12H10V10h2a2,2,0,0,1,2,2Z"
        stroke="none"
  >
  </path>
  <circle cx="12"
          cy="6.5"
          r="1.5"
  >
  </circle>
</svg>
`;
